// Jest Snapshot v1, https://goo.gl/fbAQLP

exports[`Registration page renders correctly 1`] = `
<div
  className="h-screen w-screen"
>
  <div
    className="opacity-0 -translate-y-full block p-6 rounded-lg shadow-lg bg-white w-3/4 md:w-1/2 lg:w-1/3 h-auto m-auto mt-32 transition-all duration-1000"
    id="main"
  >
    <h1
      className="mt-6 text-center text-3xl font-extrabold text-gray-900"
    >
      Register 
    </h1>
    <form
      id="form"
    >
      <div
        className=" mb-4"
      >
        <label
          className="inline-block text-gray-700 w-full"
          htmlFor="user"
        >
          Username
          <br />
          <input
            className="mt-2 appearance-none relative block w-full px-3 py-2 border border-gray-300 placeholder-gray-500 text-gray-900 rounded-sm focus:outline-none focus:ring-indigo-500 focus:border-indigo-500 focus:z-10 sm:text-sm"
            id="name"
            placeholder="Enter username"
            required={true}
            type="text"
          />
        </label>
      </div>
      <div
        className=" mb-4"
      >
        <label
          className="inline-block text-gray-700 w-full"
          htmlFor="email"
        >
          Email
          <br />
          <input
            className="mt-2 appearance-none relative block w-full px-3 py-2 border border-gray-300 placeholder-gray-500 text-gray-900 rounded-sm focus:outline-none focus:ring-indigo-500 focus:border-indigo-500 focus:z-10 sm:text-sm"
            id="email"
            placeholder="Enter email address"
            required={true}
            type="email"
          />
        </label>
      </div>
      <div
        className=" mb-4"
      >
        <label
          className="inline-block mb-2 text-gray-700 w-full"
          htmlFor="password"
        >
          Password
          <input
            className="mt-2 appearance-none relative block w-full px-3 py-2 border border-gray-300 placeholder-gray-500 text-gray-900 rounded-sm focus:outline-none focus:ring-indigo-500 focus:border-indigo-500 focus:z-10 sm:text-sm"
            id="password"
            placeholder="Enter password"
            required={true}
            type="password"
          />
        </label>
      </div>
      <div
        className=" mb-6"
      >
        <label
          className="inline-block mb-2 text-gray-700 w-full"
          htmlFor="confirmPassword"
        >
          Confirm Password
          <input
            className="mt-2 appearance-none relative block w-full px-3 py-2 border border-gray-300 placeholder-gray-500 text-gray-900 rounded-sm focus:outline-none focus:ring-indigo-500 focus:border-indigo-500 focus:z-10 sm:text-sm"
            id="confirmPassword"
            placeholder="Confirm previous password"
            required={true}
            type="password"
          />
        </label>
      </div>
      <button
        className="w-full px-6 py-2.5 bg-indigo-800 text-white font-medium text-m leading-tight rounded-full shadow-md hover:bg-purple-700 hover:shadow-lg focus:bg-purple-700 focus:shadow-lg focus:outline-none focus:ring-0 active:bg-purple-800 active:shadow-lg transition duration-150 ease-in-out cursor-pointer"
        onClick={[Function]}
        type="button"
      >
        Register
      </button>
      <p
        className="text-gray-800 mt-6 text-center"
      >
        Already a member?
        <button
          className="text-indigo-600 hover:text-indigo-700 focus:text-indigo-700 transition duration-200 ease-in-out"
          onClick={[Function]}
          type="button"
        >
          Log In
        </button>
        <br />
      </p>
    </form>
  </div>
</div>
`;
