// Jest Snapshot v1, https://goo.gl/fbAQLP

exports[`Remove helicopter page renders correctly 1`] = `
<div
  className="p-4 md:p-24 flex justify-center flex-col w-full md:w-3/4 lg:w-5/6 transition-all opacity-0 -translate-y-full origin-left ease-out duration-500"
  id="main"
>
  <h1
    className="cool-title text-center !text-3xl md:!text-5xl"
  >
    Delete a helicopter
  </h1>
  <hr
    className="h-1 border-slate-700 mt-4"
  />
  <ul
    className="grid grid-cols-1 md:grid-cols-2 xl:grid-cols-3 justify-evenly mt-20 m-auto w-full h-full"
    style={
      Object {
        "gap": "20px",
      }
    }
  />
</div>
`;
