// Jest Snapshot v1, https://goo.gl/fbAQLP

exports[`Navbar component renders correctly 1`] = `
<div
  className="md:w-1/4 lg:w-1/5 block"
>
  <div
    className="sm:block md:hidden text-yellow-400 text-5xl absolute top-4 left-4 z-50"
  >
    <svg
      fill="currentColor"
      height="1em"
      onClick={[Function]}
      stroke="currentColor"
      strokeWidth="0"
      style={
        Object {
          "color": undefined,
        }
      }
      viewBox="0 0 448 512"
      width="1em"
      xmlns="http://www.w3.org/2000/svg"
    >
      <path
        d="M16 132h416c8.837 0 16-7.163 16-16V76c0-8.837-7.163-16-16-16H16C7.163 60 0 67.163 0 76v40c0 8.837 7.163 16 16 16zm0 160h416c8.837 0 16-7.163 16-16v-40c0-8.837-7.163-16-16-16H16c-8.837 0-16 7.163-16 16v40c0 8.837 7.163 16 16 16zm0 160h416c8.837 0 16-7.163 16-16v-40c0-8.837-7.163-16-16-16H16c-8.837 0-16 7.163-16 16v40c0 8.837 7.163 16 16 16z"
      />
    </svg>
  </div>
  <div
    className="
 md:w-1/4
 lg:w-1/5
 fixed
 z-50
 rounded-r-2xl
 h-screen
 bg-slate-800
 justify-start
 text-center
 text-lg
 pt-5
 left-0
 hidden
 md:block
 border-r
 border-gray-600
 shadow-2xl
 shadow-gray-600"
    id="navbar"
  >
    <ul
      className="MuiList-root MuiList-padding h-full flex flex-col justify-center css-h4y409-MuiList-root"
    >
      <div
        className="text-center border-b border-gray-500 border-opacity-70 w-full hover:shadow-yellow-400 hover:shadow-inner flex justify-evenly transition-all delay-75"
      >
        <svg
          className="h-full my-auto"
          fill="white"
          height="24"
          viewBox="0 0 24 24"
          width="24"
          xmlns="http://www.w3.org/2000/svg"
        >
          <path
            d="M20 20h-4v-4h4v4zm-6-10h-4v4h4v-4zm6 0h-4v4h4v-4zm-12 6h-4v4h4v-4zm6 0h-4v4h4v-4zm-6-6h-4v4h4v-4zm16-8v22h-24v-22h3v1c0 1.103.897 2 2 2s2-.897 2-2v-1h10v1c0 1.103.897 2 2 2s2-.897 2-2v-1h3zm-2 6h-20v14h20v-14zm-2-7c0-.552-.447-1-1-1s-1 .448-1 1v2c0 .552.447 1 1 1s1-.448 1-1v-2zm-14 2c0 .552-.447 1-1 1s-1-.448-1-1v-2c0-.552.447-1 1-1s1 .448 1 1v2z"
          />
        </svg>
        <a
          activestyle={
            Object {
              "color": "red",
            }
          }
          className="menu-items text-xl mb-2 transition-all p-5 w-3/4 "
          href="/reservations"
          onClick={[Function]}
        >
          Reservations
        </a>
      </div>
      <div
        className="text-center border-b border-gray-500 border-opacity-70 w-full hover:shadow-yellow-400 hover:shadow-inner flex justify-evenly transition-all delay-75"
      >
        <svg
          className="h-full my-auto"
          fill="white"
          height="24"
          viewBox="0 0 24 24"
          width="24"
          xmlns="http://www.w3.org/2000/svg"
        >
          <path
            d="M24 2v22h-24v-22h3v1c0 1.103.897 2 2 2s2-.897 2-2v-1h10v1c0 1.103.897 2 2 2s2-.897 2-2v-1h3zm-2 6h-20v14h20v-14zm-2-7c0-.552-.447-1-1-1s-1 .448-1 1v2c0 .552.447 1 1 1s1-.448 1-1v-2zm-14 2c0 .552-.447 1-1 1s-1-.448-1-1v-2c0-.552.447-1 1-1s1 .448 1 1v2zm1 11.729l.855-.791c1 .484 1.635.852 2.76 1.654 2.113-2.399 3.511-3.616 6.106-5.231l.279.64c-2.141 1.869-3.709 3.949-5.967 7.999-1.393-1.64-2.322-2.686-4.033-4.271z"
          />
        </svg>
        <a
          activestyle={
            Object {
              "color": "red",
            }
          }
          className="menu-items text-xl mb-2 transition-all p-5 w-3/4 "
          href="/add-reservation"
          onClick={[Function]}
        >
          Add reservation
        </a>
      </div>
      <div
        className=" absolute top-0 w-full border-b shadow-2xl shadow-black"
      >
        <a
          aria-current="page"
          className="text-center w-full active"
          href="/"
          onClick={[Function]}
        >
          <img
            alt="logo"
            className=" w-3/4 m-auto"
            src="https://i.imgur.com/MKWxT1E.png"
          />
        </a>
      </div>
      <div
        className=" absolute bottom-4 w-full"
      >
        <button
          className=" bg-red-600 hover:bg-red-800 w-1/2 md:w-2/3 rounded-full m-auto h-8 text-md font-bold leading-relaxed "
          onClick={[Function]}
          type="button"
        >
          LOGOUT
          <svg
            className=" inline ml-2"
            fill="white"
            height="22"
            viewBox="0 0 24 24"
            width="22"
            xmlns="http://www.w3.org/2000/svg"
          >
            <path
              d="M0 2v20h14v-2h-12v-16h12v-2h-14zm18 7.408l2.963 2.592-2.963 2.592v-1.592h-8v-2h8v-1.592zm-2-4.408v4h-8v6h8v4l8-7-8-7z"
            />
          </svg>
        </button>
      </div>
    </ul>
  </div>
</div>
`;
